Archive member included to satisfy reference by file (symbol)

C:/ST/STM32CubeIDE_1.14.1/STM32CubeIDE/plugins/com.st.stm32cube.ide.mcu.externaltools.gnu-tools-for-stm32.11.3.rel1.win32_1.1.100.202309141235/tools/bin/../lib/gcc/arm-none-eabi/11.3.1/../../../../arm-none-eabi/lib/thumb/v7e-m+fp/hard\libc_nano.a(libc_a-exit.o)
                              C:/ST/STM32CubeIDE_1.14.1/STM32CubeIDE/plugins/com.st.stm32cube.ide.mcu.externaltools.gnu-tools-for-stm32.11.3.rel1.win32_1.1.100.202309141235/tools/bin/../lib/gcc/arm-none-eabi/11.3.1/../../../../arm-none-eabi/lib/thumb/v7e-m+fp/hard/crt0.o (exit)
C:/ST/STM32CubeIDE_1.14.1/STM32CubeIDE/plugins/com.st.stm32cube.ide.mcu.externaltools.gnu-tools-for-stm32.11.3.rel1.win32_1.1.100.202309141235/tools/bin/../lib/gcc/arm-none-eabi/11.3.1/../../../../arm-none-eabi/lib/thumb/v7e-m+fp/hard\libc_nano.a(libc_a-findfp.o)
                              C:/ST/STM32CubeIDE_1.14.1/STM32CubeIDE/plugins/com.st.stm32cube.ide.mcu.externaltools.gnu-tools-for-stm32.11.3.rel1.win32_1.1.100.202309141235/tools/bin/../lib/gcc/arm-none-eabi/11.3.1/../../../../arm-none-eabi/lib/thumb/v7e-m+fp/hard\libc_nano.a(libc_a-exit.o) (__stdio_exit_handler)
C:/ST/STM32CubeIDE_1.14.1/STM32CubeIDE/plugins/com.st.stm32cube.ide.mcu.externaltools.gnu-tools-for-stm32.11.3.rel1.win32_1.1.100.202309141235/tools/bin/../lib/gcc/arm-none-eabi/11.3.1/../../../../arm-none-eabi/lib/thumb/v7e-m+fp/hard\libc_nano.a(libc_a-fwalk.o)
                              C:/ST/STM32CubeIDE_1.14.1/STM32CubeIDE/plugins/com.st.stm32cube.ide.mcu.externaltools.gnu-tools-for-stm32.11.3.rel1.win32_1.1.100.202309141235/tools/bin/../lib/gcc/arm-none-eabi/11.3.1/../../../../arm-none-eabi/lib/thumb/v7e-m+fp/hard\libc_nano.a(libc_a-findfp.o) (_fwalk_sglue)
C:/ST/STM32CubeIDE_1.14.1/STM32CubeIDE/plugins/com.st.stm32cube.ide.mcu.externaltools.gnu-tools-for-stm32.11.3.rel1.win32_1.1.100.202309141235/tools/bin/../lib/gcc/arm-none-eabi/11.3.1/../../../../arm-none-eabi/lib/thumb/v7e-m+fp/hard\libc_nano.a(libc_a-stdio.o)
                              C:/ST/STM32CubeIDE_1.14.1/STM32CubeIDE/plugins/com.st.stm32cube.ide.mcu.externaltools.gnu-tools-for-stm32.11.3.rel1.win32_1.1.100.202309141235/tools/bin/../lib/gcc/arm-none-eabi/11.3.1/../../../../arm-none-eabi/lib/thumb/v7e-m+fp/hard\libc_nano.a(libc_a-findfp.o) (__sread)
C:/ST/STM32CubeIDE_1.14.1/STM32CubeIDE/plugins/com.st.stm32cube.ide.mcu.externaltools.gnu-tools-for-stm32.11.3.rel1.win32_1.1.100.202309141235/tools/bin/../lib/gcc/arm-none-eabi/11.3.1/../../../../arm-none-eabi/lib/thumb/v7e-m+fp/hard\libc_nano.a(libc_a-memset.o)
                              C:/ST/STM32CubeIDE_1.14.1/STM32CubeIDE/plugins/com.st.stm32cube.ide.mcu.externaltools.gnu-tools-for-stm32.11.3.rel1.win32_1.1.100.202309141235/tools/bin/../lib/gcc/arm-none-eabi/11.3.1/../../../../arm-none-eabi/lib/thumb/v7e-m+fp/hard/crt0.o (memset)
C:/ST/STM32CubeIDE_1.14.1/STM32CubeIDE/plugins/com.st.stm32cube.ide.mcu.externaltools.gnu-tools-for-stm32.11.3.rel1.win32_1.1.100.202309141235/tools/bin/../lib/gcc/arm-none-eabi/11.3.1/../../../../arm-none-eabi/lib/thumb/v7e-m+fp/hard\libc_nano.a(libc_a-closer.o)
                              C:/ST/STM32CubeIDE_1.14.1/STM32CubeIDE/plugins/com.st.stm32cube.ide.mcu.externaltools.gnu-tools-for-stm32.11.3.rel1.win32_1.1.100.202309141235/tools/bin/../lib/gcc/arm-none-eabi/11.3.1/../../../../arm-none-eabi/lib/thumb/v7e-m+fp/hard\libc_nano.a(libc_a-stdio.o) (_close_r)
C:/ST/STM32CubeIDE_1.14.1/STM32CubeIDE/plugins/com.st.stm32cube.ide.mcu.externaltools.gnu-tools-for-stm32.11.3.rel1.win32_1.1.100.202309141235/tools/bin/../lib/gcc/arm-none-eabi/11.3.1/../../../../arm-none-eabi/lib/thumb/v7e-m+fp/hard\libc_nano.a(libc_a-reent.o)
                              C:/ST/STM32CubeIDE_1.14.1/STM32CubeIDE/plugins/com.st.stm32cube.ide.mcu.externaltools.gnu-tools-for-stm32.11.3.rel1.win32_1.1.100.202309141235/tools/bin/../lib/gcc/arm-none-eabi/11.3.1/../../../../arm-none-eabi/lib/thumb/v7e-m+fp/hard\libc_nano.a(libc_a-closer.o) (errno)
C:/ST/STM32CubeIDE_1.14.1/STM32CubeIDE/plugins/com.st.stm32cube.ide.mcu.externaltools.gnu-tools-for-stm32.11.3.rel1.win32_1.1.100.202309141235/tools/bin/../lib/gcc/arm-none-eabi/11.3.1/../../../../arm-none-eabi/lib/thumb/v7e-m+fp/hard\libc_nano.a(libc_a-impure.o)
                              C:/ST/STM32CubeIDE_1.14.1/STM32CubeIDE/plugins/com.st.stm32cube.ide.mcu.externaltools.gnu-tools-for-stm32.11.3.rel1.win32_1.1.100.202309141235/tools/bin/../lib/gcc/arm-none-eabi/11.3.1/../../../../arm-none-eabi/lib/thumb/v7e-m+fp/hard\libc_nano.a(libc_a-reent.o) (_impure_ptr)
C:/ST/STM32CubeIDE_1.14.1/STM32CubeIDE/plugins/com.st.stm32cube.ide.mcu.externaltools.gnu-tools-for-stm32.11.3.rel1.win32_1.1.100.202309141235/tools/bin/../lib/gcc/arm-none-eabi/11.3.1/../../../../arm-none-eabi/lib/thumb/v7e-m+fp/hard\libc_nano.a(libc_a-lseekr.o)
[...]
Memory Configuration

Name             Origin             Length             Attributes
CCMRAM           0x0000000010000000 0x0000000000010000 xrw
RAM              0x0000000020000000 0x0000000000020000 xrw
FLASH            0x0000000008000000 0x0000000000100000 xr
*default*        0x0000000000000000 0xffffffffffffffff

Linker script and memory map

LOAD C:/ST/STM32CubeIDE_1.14.1/STM32CubeIDE/plugins/com.st.stm32cube.ide.mcu.externaltools.gnu-tools-for-stm32.11.3.rel1.win32_1.1.100.202309141235/tools/bin/../lib/gcc/arm-none-eabi/11.3.1/thumb/v7e-m+fp/hard/crti.o
LOAD C:/ST/STM32CubeIDE_1.14.1/STM32CubeIDE/plugins/com.st.stm32cube.ide.mcu.externaltools.gnu-tools-for-stm32.11.3.rel1.win32_1.1.100.202309141235/tools/bin/../lib/gcc/arm-none-eabi/11.3.1/thumb/v7e-m+fp/hard/crtbegin.o
LOAD C:/ST/STM32CubeIDE_1.14.1/STM32CubeIDE/plugins/com.st.stm32cube.ide.mcu.externaltools.gnu-tools-for-stm32.11.3.rel1.win32_1.1.100.202309141235/tools/bin/../lib/gcc/arm-none-eabi/11.3.1/../../../../arm-none-eabi/lib/thumb/v7e-m+fp/hard/crt0.o
LOAD ./Core/Src/main.o
LOAD ./Core/Src/stm32f4xx_hal_msp.o
LOAD ./Core/Src/stm32f4xx_it.o
LOAD ./Core/Src/syscalls.o
LOAD ./Core/Src/sysmem.o
LOAD ./Core/Src/system_stm32f4xx.o
LOAD ./Core/Startup/startup_stm32f407vgtx.o
LOAD ./Drivers/STM32F4xx_HAL_Driver/stm32f4xx_hal.o
LOAD ./Drivers/STM32F4xx_HAL_Driver/stm32f4xx_hal_cortex.o
LOAD ./Drivers/STM32F4xx_HAL_Driver/stm32f4xx_hal_dma.o
LOAD ./Drivers/STM32F4xx_HAL_Driver/stm32f4xx_hal_dma_ex.o
LOAD ./Drivers/STM32F4xx_HAL_Driver/stm32f4xx_hal_exti.o
LOAD ./Drivers/STM32F4xx_HAL_Driver/stm32f4xx_hal_flash.o
LOAD ./Drivers/STM32F4xx_HAL_Driver/stm32f4xx_hal_flash_ex.o
LOAD ./Drivers/STM32F4xx_HAL_Driver/stm32f4xx_hal_flash_ramfunc.o
LOAD ./Drivers/STM32F4xx_HAL_Driver/stm32f4xx_hal_gpio.o
LOAD ./Drivers/STM32F4xx_HAL_Driver/stm32f4xx_hal_pwr.o
LOAD ./Drivers/STM32F4xx_HAL_Driver/stm32f4xx_hal_pwr_ex.o
LOAD ./Drivers/STM32F4xx_HAL_Driver/stm32f4xx_hal_rcc.o
LOAD ./Drivers/STM32F4xx_HAL_Driver/stm32f4xx_hal_rcc_ex.o
LOAD ./Drivers/STM32F4xx_HAL_Driver/stm32f4xx_hal_sd.o
LOAD ./Drivers/STM32F4xx_HAL_Driver/stm32f4xx_hal_tim.o
LOAD ./Drivers/STM32F4xx_HAL_Driver/stm32f4xx_hal_tim_ex.o
LOAD ./Drivers/STM32F4xx_HAL_Driver/stm32f4xx_ll_sdmmc.o
LOAD ./FATFS/App/fatfs.o
LOAD ./FATFS/Target/bsp_driver_sd.o
LOAD ./FATFS/Target/sd_diskio.o
LOAD ./Middlewares/FatFs/diskio.o
LOAD ./Middlewares/FatFs/ff.o
LOAD ./Middlewares/FatFs/ff_gen_drv.o
LOAD ./Middlewares/FatFs/syscall.o
START GROUP
LOAD C:/ST/STM32CubeIDE_1.14.1/STM32CubeIDE/plugins/com.st.stm32cube.ide.mcu.externaltools.gnu-tools-for-stm32.11.3.rel1.win32_1.1.100.202309141235/tools/bin/../lib/gcc/arm-none-eabi/11.3.1/../../../../arm-none-eabi/lib/thumb/v7e-m+fp/hard\libc_nano.a
LOAD C:/ST/STM32CubeIDE_1.14.1/STM32CubeIDE/plugins/com.st.stm32cube.ide.mcu.externaltools.gnu-tools-for-stm32.11.3.rel1.win32_1.1.100.202309141235/tools/bin/../lib/gcc/arm-none-eabi/11.3.1/../../../../arm-none-eabi/lib/thumb/v7e-m+fp/hard\libm.a
END GROUP
START GROUP
LOAD C:/ST/STM32CubeIDE_1.14.1/STM32CubeIDE/plugins/com.st.stm32cube.ide.mcu.externaltools.gnu-tools-for-stm32.11.3.rel1.win32_1.1.100.202309141235/tools/bin/../lib/gcc/arm-none-eabi/11.3.1/thumb/v7e-m+fp/hard\libgcc.a
LOAD C:/ST/STM32CubeIDE_1.14.1/STM32CubeIDE/plugins/com.st.stm32cube.ide.mcu.externaltools.gnu-tools-for-stm32.11.3.rel1.win32_1.1.100.202309141235/tools/bin/../lib/gcc/arm-none-eabi/11.3.1/../../../../arm-none-eabi/lib/thumb/v7e-m+fp/hard\libc_nano.a
END GROUP
START GROUP
LOAD C:/ST/STM32CubeIDE_1.14.1/STM32CubeIDE/plugins/com.st.stm32cube.ide.mcu.externaltools.gnu-tools-for-stm32.11.3.rel1.win32_1.1.100.202309141235/tools/bin/../lib/gcc/arm-none-eabi/11.3.1/thumb/v7e-m+fp/hard\libgcc.a
LOAD C:/ST/STM32CubeIDE_1.14.1/STM32CubeIDE/plugins/com.st.stm32cube.ide.mcu.externaltools.gnu-tools-for-stm32.11.3.rel1.win32_1.1.100.202309141235/tools/bin/../lib/gcc/arm-none-eabi/11.3.1/../../../../arm-none-eabi/lib/thumb/v7e-m+fp/hard\libc_nano.a
LOAD C:/ST/STM32CubeIDE_1.14.1/STM32CubeIDE/plugins/com.st.stm32cube.ide.mcu.externaltools.gnu-tools-for-stm32.11.3.rel1.win32_1.1.100.202309141235/tools/bin/../lib/gcc/arm-none-eabi/11.3.1/../../../../arm-none-eabi/lib/thumb/v7e-m+fp/hard\libnosys.a
END GROUP
START GROUP
LOAD C:/ST/STM32CubeIDE_1.14.1/STM32CubeIDE/plugins/com.st.stm32cube.ide.mcu.externaltools.gnu-tools-for-stm32.11.3.rel1.win32_1.1.100.202309141235/tools/bin/../lib/gcc/arm-none-eabi/11.3.1/thumb/v7e-m+fp/hard\libgcc.a
LOAD C:/ST/STM32CubeIDE_1.14.1/STM32CubeIDE/plugins/com.st.stm32cube.ide.mcu.externaltools.gnu-tools-for-stm32.11.3.rel1.win32_1.1.100.202309141235/tools/bin/../lib/gcc/arm-none-eabi/11.3.1/../../../../arm-none-eabi/lib/thumb/v7e-m+fp/hard\libc_nano.a
LOAD C:/ST/STM32CubeIDE_1.14.1/STM32CubeIDE/plugins/com.st.stm32cube.ide.mcu.externaltools.gnu-tools-for-stm32.11.3.rel1.win32_1.1.100.202309141235/tools/bin/../lib/gcc/arm-none-eabi/11.3.1/../../../../arm-none-eabi/lib/thumb/v7e-m+fp/hard\libnosys.a
END GROUP
LOAD C:/ST/STM32CubeIDE_1.14.1/STM32CubeIDE/plugins/com.st.stm32cube.ide.mcu.externaltools.gnu-tools-for-stm32.11.3.rel1.win32_1.1.100.202309141235/tools/bin/../lib/gcc/arm-none-eabi/11.3.1/thumb/v7e-m+fp/hard/crtend.o
LOAD C:/ST/STM32CubeIDE_1.14.1/STM32CubeIDE/plugins/com.st.stm32cube.ide.mcu.externaltools.gnu-tools-for-stm32.11.3.rel1.win32_1.1.100.202309141235/tools/bin/../lib/gcc/arm-none-eabi/11.3.1/thumb/v7e-m+fp/hard/crtn.o
                0x0000000020020000                _estack = (ORIGIN (RAM) + LENGTH (RAM))
                0x0000000000000200                _Min_Heap_Size = 0x200
                0x0000000000000400                _Min_Stack_Size = 0x400

.isr_vector     0x0000000008000000      0x188
                0x0000000008000000                . = ALIGN (0x4)
 *(.isr_vector)
 .isr_vector    0x0000000008000000      0x188 ./Core/Startup/startup_stm32f407vgtx.o
                0x0000000008000000                g_pfnVectors
                0x0000000008000188                . = ALIGN (0x4)

.text           0x0000000008000188     0x591c
                0x0000000008000188                . = ALIGN (0x4)
 *(.text)
 .text          0x0000000008000188       0x40 C:/ST/STM32CubeIDE_1.14.1/STM32CubeIDE/plugins/com.st.stm32cube.ide.mcu.externaltools.gnu-tools-for-stm32.11.3.rel1.win32_1.1.100.202309141235/tools/bin/../lib/gcc/arm-none-eabi/11.3.1/thumb/v7e-m+fp/hard/crtbegin.o
 .text          0x00000000080001c8       0x30 C:/ST/STM32CubeIDE_1.14.1/STM32CubeIDE/plugins/com.st.stm32cube.ide.mcu.externaltools.gnu-tools-for-stm32.11.3.rel1.win32_1.1.100.202309141235/tools/bin/../lib/gcc/arm-none-eabi/11.3.1/thumb/v7e-m+fp/hard\libgcc.a(_aeabi_uldivmod.o)
                0x00000000080001c8                __aeabi_uldivmod
 .text          0x00000000080001f8      0x2c8 C:/ST/STM32CubeIDE_1.14.1/STM32CubeIDE/plugins/com.st.stm32cube.ide.mcu.externaltools.gnu-tools-for-stm32.11.3.rel1.win32_1.1.100.202309141235/tools/bin/../lib/gcc/arm-none-eabi/11.3.1/thumb/v7e-m+fp/hard\libgcc.a(_udivmoddi4.o)
                0x00000000080001f8                __udivmoddi4
 .text          0x00000000080004c0        0x4 C:/ST/STM32CubeIDE_1.14.1/STM32CubeIDE/plugins/com.st.stm32cube.ide.mcu.externaltools.gnu-tools-for-stm32.11.3.rel1.win32_1.1.100.202309141235/tools/bin/../lib/gcc/arm-none-eabi/11.3.1/thumb/v7e-m+fp/hard\libgcc.a(_dvmd_tls.o)
                0x00000000080004c0                __aeabi_idiv0
                0x00000000080004c0                __aeabi_ldiv0
 *(.text*)
 .text.main     0x00000000080004c4       0xc8 ./Core/Src/main.o
                0x00000000080004c4                main
 .text.SystemClock_Config
                0x000000000800058c       0xd0 ./Core/Src/main.o
                0x000000000800058c                SystemClock_Config
 .text.MX_SDIO_SD_Init
                0x000000000800065c       0x40 ./Core/Src/main.o
 .text.MX_GPIO_Init
                0x000000000800069c       0x88 ./Core/Src/main.o
 .text.Error_Handler
                0x0000000008000724        0xa ./Core/Src/main.o
                0x0000000008000724                Error_Handler
 *fill*         0x000000000800072e        0x2 
 .text.HAL_MspInit
                0x0000000008000730       0x50 ./Core/Src/stm32f4xx_hal_msp.o
                0x0000000008000730                HAL_MspInit
 .text.HAL_SD_MspInit
                0x0000000008000780       0xd0 ./Core/Src/stm32f4xx_hal_msp.o
                0x0000000008000780                HAL_SD_MspInit
 .text.NMI_Handler
                0x0000000008000850        0x6 ./Core/Src/stm32f4xx_it.o
                0x0000000008000850                NMI_Handler
 .text.HardFault_Handler
                0x0000000008000856        0x6 ./Core/Src/stm32f4xx_it.o
                0x0000000008000856                HardFault_Handler
 .text.MemManage_Handler
                0x000000000800085c        0x6 ./Core/Src/stm32f4xx_it.o
                0x000000000800085c                MemManage_Handler
 .text.BusFault_Handler
                0x0000000008000862        0x6 ./Core/Src/stm32f4xx_it.o
                0x0000000008000862                BusFault_Handler
 .text.UsageFault_Handler
                0x0000000008000868        0x6 ./Core/Src/stm32f4xx_it.o
                0x0000000008000868                UsageFault_Handler
 .text.SVC_Handler
                0x000000000800086e        0xe ./Core/Src/stm32f4xx_it.o
                0x000000000800086e                SVC_Handler
 .text.DebugMon_Handler
                0x000000000800087c        0xe ./Core/Src/stm32f4xx_it.o
                0x000000000800087c                DebugMon_Handler
 .text.PendSV_Handler
                0x000000000800088a        0xe ./Core/Src/stm32f4xx_it.o
                0x000000000800088a                PendSV_Handler
 .text.SysTick_Handler
                0x0000000008000898        0xc ./Core/Src/stm32f4xx_it.o
                0x0000000008000898                SysTick_Handler
 .text.SystemInit
                0x00000000080008a4       0x24 ./Core/Src/system_stm32f4xx.o
                0x00000000080008a4                SystemInit
 .text.Reset_Handler
                0x00000000080008c8       0x50 ./Core/Startup/startup_stm32f407vgtx.o
                0x00000000080008c8                Reset_Handler
 .text.Default_Handler
                0x0000000008000918        0x2 ./Core/Startup/startup_stm32f407vgtx.o
                0x0000000008000918                RTC_Alarm_IRQHandler
                0x0000000008000918                HASH_RNG_IRQHandler
                0x0000000008000918                EXTI2_IRQHandler
                0x0000000008000918                TIM8_CC_IRQHandler
                0x0000000008000918                TIM1_CC_IRQHandler
                0x0000000008000918                DMA2_Stream5_IRQHandler
                0x0000000008000918                DMA1_Stream5_IRQHandler
                0x0000000008000918                PVD_IRQHandler
                0x0000000008000918                SDIO_IRQHandler
                0x0000000008000918                TAMP_STAMP_IRQHandler
                0x0000000008000918                CAN2_RX1_IRQHandler
                0x0000000008000918                EXTI3_IRQHandler
                0x0000000008000918                TIM8_TRG_COM_TIM14_IRQHandler
                0x0000000008000918                TIM1_UP_TIM10_IRQHandler
                0x0000000008000918                TIM8_UP_TIM13_IRQHandler
                0x0000000008000918                I2C3_ER_IRQHandler
                0x0000000008000918                EXTI0_IRQHandler
                0x0000000008000918                I2C2_EV_IRQHandler
                0x0000000008000918                DMA1_Stream2_IRQHandler
                0x0000000008000918                CAN1_RX0_IRQHandler
                0x0000000008000918                FPU_IRQHandler
                0x0000000008000918                OTG_HS_WKUP_IRQHandler
                0x0000000008000918                CAN2_SCE_IRQHandler
                0x0000000008000918                DMA2_Stream2_IRQHandler
                0x0000000008000918                SPI1_IRQHandler
                0x0000000008000918                TIM6_DAC_IRQHandler
                0x0000000008000918                TIM1_BRK_TIM9_IRQHandler
                0x0000000008000918                DCMI_IRQHandler
                0x0000000008000918                CAN2_RX0_IRQHandler
                0x0000000008000918                DMA2_Stream3_IRQHandler
                0x0000000008000918                USART6_IRQHandler
                0x0000000008000918                USART3_IRQHandler
                0x0000000008000918                CAN1_RX1_IRQHandler
                0x0000000008000918                UART5_IRQHandler
                0x0000000008000918                DMA2_Stream0_IRQHandler
                0x0000000008000918                TIM4_IRQHandler
                0x0000000008000918                I2C1_EV_IRQHandler
                0x0000000008000918                DMA1_Stream6_IRQHandler
                0x0000000008000918                DMA1_Stream1_IRQHandler
                0x0000000008000918                UART4_IRQHandler
                0x0000000008000918                TIM3_IRQHandler
                0x0000000008000918                RCC_IRQHandler
                0x0000000008000918                TIM8_BRK_TIM12_IRQHandler
                0x0000000008000918                Default_Handler
                0x0000000008000918                EXTI15_10_IRQHandler
                0x0000000008000918                ADC_IRQHandler
                0x0000000008000918                DMA1_Stream7_IRQHandler
                0x0000000008000918                TIM7_IRQHandler
                0x0000000008000918                CAN2_TX_IRQHandler
                0x0000000008000918                TIM5_IRQHandler
                0x0000000008000918                DMA2_Stream7_IRQHandler
                0x0000000008000918                I2C3_EV_IRQHandler
                0x0000000008000918                EXTI9_5_IRQHandler
                0x0000000008000918                RTC_WKUP_IRQHandler
                0x0000000008000918                ETH_WKUP_IRQHandler
                0x0000000008000918                SPI2_IRQHandler
                0x0000000008000918                OTG_HS_EP1_IN_IRQHandler
                0x0000000008000918                DMA1_Stream0_IRQHandler
                0x0000000008000918                CAN1_TX_IRQHandler
                0x0000000008000918                EXTI4_IRQHandler
                0x0000000008000918                FSMC_IRQHandler
                0x0000000008000918                ETH_IRQHandler
                0x0000000008000918                OTG_HS_EP1_OUT_IRQHandler
                0x0000000008000918                WWDG_IRQHandler
                0x0000000008000918                TIM2_IRQHandler
                0x0000000008000918                OTG_FS_WKUP_IRQHandler
                0x0000000008000918                TIM1_TRG_COM_TIM11_IRQHandler
                0x0000000008000918                OTG_HS_IRQHandler
                0x0000000008000918                EXTI1_IRQHandler
                0x0000000008000918                USART2_IRQHandler
                0x0000000008000918                I2C2_ER_IRQHandler
                0x0000000008000918                DMA2_Stream1_IRQHandler
                0x0000000008000918                CAN1_SCE_IRQHandler
                0x0000000008000918                FLASH_IRQHandler
                0x0000000008000918                DMA2_Stream4_IRQHandler
                0x0000000008000918                USART1_IRQHandler
                0x0000000008000918                OTG_FS_IRQHandler
                0x0000000008000918                SPI3_IRQHandler
                0x0000000008000918                DMA1_Stream4_IRQHandler
                0x0000000008000918                I2C1_ER_IRQHandler
                0x0000000008000918                DMA2_Stream6_IRQHandler
                0x0000000008000918                DMA1_Stream3_IRQHandler
 *fill*         0x000000000800091a        0x2 
 .text.HAL_Init
                0x000000000800091c       0x44 ./Drivers/STM32F4xx_HAL_Driver/stm32f4xx_hal.o
                0x000000000800091c                HAL_Init
 .text.HAL_InitTick
                0x0000000008000960       0x60 ./Drivers/STM32F4xx_HAL_Driver/stm32f4xx_hal.o
                0x0000000008000960                HAL_InitTick
 .text.HAL_IncTick
                0x00000000080009c0       0x28 ./Drivers/STM32F4xx_HAL_Driver/stm32f4xx_hal.o
                0x00000000080009c0                HAL_IncTick
 .text.HAL_GetTick
                0x00000000080009e8       0x18 ./Drivers/STM32F4xx_HAL_Driver/stm32f4xx_hal.o
                0x00000000080009e8                HAL_GetTick
 .text.HAL_Delay
                0x0000000008000a00       0x48 ./Drivers/STM32F4xx_HAL_Driver/stm32f4xx_hal.o
                0x0000000008000a00                HAL_Delay
 .text.__NVIC_SetPriorityGrouping
                0x0000000008000a48       0x48 ./Drivers/STM32F4xx_HAL_Driver/stm32f4xx_hal_cortex.o
 .text.__NVIC_GetPriorityGrouping
                0x0000000008000a90       0x1c ./Drivers/STM32F4xx_HAL_Driver/stm32f4xx_hal_cortex.o
 .text.__NVIC_SetPriority
                0x0000000008000aac       0x54 ./Drivers/STM32F4xx_HAL_Driver/stm32f4xx_hal_cortex.o
 .text.NVIC_EncodePriority
                0x0000000008000b00       0x66 ./Drivers/STM32F4xx_HAL_Driver/stm32f4xx_hal_cortex.o
 *fill*         0x0000000008000b66        0x2 
 .text.SysTick_Config
                0x0000000008000b68       0x44 ./Drivers/STM32F4xx_HAL_Driver/stm32f4xx_hal_cortex.o
 .text.HAL_NVIC_SetPriorityGrouping
                0x0000000008000bac       0x16 ./Drivers/STM32F4xx_HAL_Driver/stm32f4xx_hal_cortex.o
                0x0000000008000bac                HAL_NVIC_SetPriorityGrouping
 .text.HAL_NVIC_SetPriority
                0x0000000008000bc2       0x38 ./Drivers/STM32F4xx_HAL_Driver/stm32f4xx_hal_cortex.o
                0x0000000008000bc2                HAL_NVIC_SetPriority
 .text.HAL_SYSTICK_Config
                0x0000000008000bfa       0x18 ./Drivers/STM32F4xx_HAL_Driver/stm32f4xx_hal_cortex.o
                0x0000000008000bfa                HAL_SYSTICK_Config
 *fill*         0x0000000008000c12        0x2 
 .text.HAL_GPIO_Init
                0x0000000008000c14      0x338 ./Drivers/STM32F4xx_HAL_Driver/stm32f4xx_hal_gpio.o
                0x0000000008000c14                HAL_GPIO_Init
 .text.HAL_GPIO_WritePin
                0x0000000008000f4c       0x32 ./Drivers/STM32F4xx_HAL_Driver/stm32f4xx_hal_gpio.o
                0x0000000008000f4c                HAL_GPIO_WritePin
 *fill*         0x0000000008000f7e        0x2 
 .text.HAL_RCC_OscConfig
                0x0000000008000f80      0x4f0 ./Drivers/STM32F4xx_HAL_Driver/stm32f4xx_hal_rcc.o
                0x0000000008000f80                HAL_RCC_OscConfig
 .text.HAL_RCC_ClockConfig
                0x0000000008001470      0x1cc ./Drivers/STM32F4xx_HAL_Driver/stm32f4xx_hal_rcc.o
                0x0000000008001470                HAL_RCC_ClockConfig
 .text.HAL_RCC_GetSysClockFreq
                0x000000000800163c      0x20c ./Drivers/STM32F4xx_HAL_Driver/stm32f4xx_hal_rcc.o
                0x000000000800163c                HAL_RCC_GetSysClockFreq
 .text.HAL_SD_Init
                0x0000000008001848       0x60 ./Drivers/STM32F4xx_HAL_Driver/stm32f4xx_hal_sd.o
                0x0000000008001848                HAL_SD_Init
 .text.HAL_SD_InitCard
                0x00000000080018a8      0x100 ./Drivers/STM32F4xx_HAL_Driver/stm32f4xx_hal_sd.o
                0x00000000080018a8                HAL_SD_InitCard
 .text.HAL_SD_ReadBlocks
                0x00000000080019a8      0x3cc ./Drivers/STM32F4xx_HAL_Driver/stm32f4xx_hal_sd.o
                0x00000000080019a8                HAL_SD_ReadBlocks
 .text.HAL_SD_WriteBlocks
                0x0000000008001d74      0x31c ./Drivers/STM32F4xx_HAL_Driver/stm32f4xx_hal_sd.o
                0x0000000008001d74                HAL_SD_WriteBlocks
 .text.HAL_SD_GetCardCSD
                0x0000000008002090      0x348 ./Drivers/STM32F4xx_HAL_Driver/stm32f4xx_hal_sd.o
                0x0000000008002090                HAL_SD_GetCardCSD
 .text.HAL_SD_GetCardInfo
                0x00000000080023d8       0x58 ./Drivers/STM32F4xx_HAL_Driver/stm32f4xx_hal_sd.o
                0x00000000080023d8                HAL_SD_GetCardInfo
 .text.HAL_SD_GetCardState
                0x0000000008002430       0x40 ./Drivers/STM32F4xx_HAL_Driver/stm32f4xx_hal_sd.o
                0x0000000008002430                HAL_SD_GetCardState
 .text.SD_InitCard
                0x0000000008002470      0x19c ./Drivers/STM32F4xx_HAL_Driver/stm32f4xx_hal_sd.o
 .text.SD_PowerON
                0x000000000800260c      0x11c ./Drivers/STM32F4xx_HAL_Driver/stm32f4xx_hal_sd.o
 .text.SD_SendStatus
                0x0000000008002728       0x50 ./Drivers/STM32F4xx_HAL_Driver/stm32f4xx_hal_sd.o
 .text.SDIO_Init
                0x0000000008002778       0x56 ./Drivers/STM32F4xx_HAL_Driver/stm32f4xx_ll_sdmmc.o
                0x0000000008002778                SDIO_Init
 .text.SDIO_ReadFIFO
                0x00000000080027ce       0x1a ./Drivers/STM32F4xx_HAL_Driver/stm32f4xx_ll_sdmmc.o
                0x00000000080027ce                SDIO_ReadFIFO
 .text.SDIO_WriteFIFO
                0x00000000080027e8       0x22 ./Drivers/STM32F4xx_HAL_Driver/stm32f4xx_ll_sdmmc.o
                0x00000000080027e8                SDIO_WriteFIFO
 .text.SDIO_PowerState_ON
                0x000000000800280a       0x1c ./Drivers/STM32F4xx_HAL_Driver/stm32f4xx_ll_sdmmc.o
                0x000000000800280a                SDIO_PowerState_ON
 .text.SDIO_GetPowerState
                0x0000000008002826       0x1c ./Drivers/STM32F4xx_HAL_Driver/stm32f4xx_ll_sdmmc.o
                0x0000000008002826                SDIO_GetPowerState
 .text.SDIO_SendCommand
                0x0000000008002842       0x54 ./Drivers/STM32F4xx_HAL_Driver/stm32f4xx_ll_sdmmc.o
                0x0000000008002842                SDIO_SendCommand
 .text.SDIO_GetCommandResponse
                0x0000000008002896       0x1a ./Drivers/STM32F4xx_HAL_Driver/stm32f4xx_ll_sdmmc.o
                0x0000000008002896                SDIO_GetCommandResponse
 .text.SDIO_GetResponse
                0x00000000080028b0       0x26 ./Drivers/STM32F4xx_HAL_Driver/stm32f4xx_ll_sdmmc.o
                0x00000000080028b0                SDIO_GetResponse
 .text.SDIO_ConfigData
                0x00000000080028d6       0x58 ./Drivers/STM32F4xx_HAL_Driver/stm32f4xx_ll_sdmmc.o
                0x00000000080028d6                SDIO_ConfigData
 .text.SDMMC_CmdBlockLength
                0x000000000800292e       0x44 ./Drivers/STM32F4xx_HAL_Driver/stm32f4xx_ll_sdmmc.o
                0x000000000800292e                SDMMC_CmdBlockLength
 .text.SDMMC_CmdReadSingleBlock
                0x0000000008002972       0x44 ./Drivers/STM32F4xx_HAL_Driver/stm32f4xx_ll_sdmmc.o
                0x0000000008002972                SDMMC_CmdReadSingleBlock
 .text.SDMMC_CmdReadMultiBlock
                0x00000000080029b6       0x44 ./Drivers/STM32F4xx_HAL_Driver/stm32f4xx_ll_sdmmc.o
                0x00000000080029b6                SDMMC_CmdReadMultiBlock
 .text.SDMMC_CmdWriteSingleBlock
                0x00000000080029fa       0x44 ./Drivers/STM32F4xx_HAL_Driver/stm32f4xx_ll_sdmmc.o
                0x00000000080029fa                SDMMC_CmdWriteSingleBlock
 .text.SDMMC_CmdWriteMultiBlock
                0x0000000008002a3e       0x44 ./Drivers/STM32F4xx_HAL_Driver/stm32f4xx_ll_sdmmc.o
                0x0000000008002a3e                SDMMC_CmdWriteMultiBlock
 *fill*         0x0000000008002a82        0x2 
 .text.SDMMC_CmdStopTransfer
                0x0000000008002a84       0x44 ./Drivers/STM32F4xx_HAL_Driver/stm32f4xx_ll_sdmmc.o
                0x0000000008002a84                SDMMC_CmdStopTransfer
 .text.SDMMC_CmdSelDesel
                0x0000000008002ac8       0x46 ./Drivers/STM32F4xx_HAL_Driver/stm32f4xx_ll_sdmmc.o
                0x0000000008002ac8                SDMMC_CmdSelDesel
 .text.SDMMC_CmdGoIdleState
                0x0000000008002b0e       0x3c ./Drivers/STM32F4xx_HAL_Driver/stm32f4xx_ll_sdmmc.o
                0x0000000008002b0e                SDMMC_CmdGoIdleState
 .text.SDMMC_CmdOperCond
                0x0000000008002b4a       0x3e ./Drivers/STM32F4xx_HAL_Driver/stm32f4xx_ll_sdmmc.o
                0x0000000008002b4a                SDMMC_CmdOperCond
 .text.SDMMC_CmdAppCommand
                0x0000000008002b88       0x44 ./Drivers/STM32F4xx_HAL_Driver/stm32f4xx_ll_sdmmc.o
                0x0000000008002b88                SDMMC_CmdAppCommand
 .text.SDMMC_CmdAppOperCommand
                0x0000000008002bcc       0x46 ./Drivers/STM32F4xx_HAL_Driver/stm32f4xx_ll_sdmmc.o
                0x0000000008002bcc                SDMMC_CmdAppOperCommand
 .text.SDMMC_CmdSendCID
                0x0000000008002c12       0x3c ./Drivers/STM32F4xx_HAL_Driver/stm32f4xx_ll_sdmmc.o
                0x0000000008002c12                SDMMC_CmdSendCID
 .text.SDMMC_CmdSendCSD
                0x0000000008002c4e       0x3e ./Drivers/STM32F4xx_HAL_Driver/stm32f4xx_ll_sdmmc.o
                0x0000000008002c4e                SDMMC_CmdSendCSD
 .text.SDMMC_CmdSetRelAdd
                0x0000000008002c8c       0x42 ./Drivers/STM32F4xx_HAL_Driver/stm32f4xx_ll_sdmmc.o
                0x0000000008002c8c                SDMMC_CmdSetRelAdd
 .text.SDMMC_CmdSendStatus
                0x0000000008002cce       0x44 ./Drivers/STM32F4xx_HAL_Driver/stm32f4xx_ll_sdmmc.o
                0x0000000008002cce                SDMMC_CmdSendStatus
 *fill*         0x0000000008002d12        0x2 
 .text.SDMMC_GetCmdResp1
                0x0000000008002d14      0x1dc ./Drivers/STM32F4xx_HAL_Driver/stm32f4xx_ll_sdmmc.o
                0x0000000008002d14                SDMMC_GetCmdResp1
 .text.SDMMC_GetCmdResp2
                0x0000000008002ef0       0x90 ./Drivers/STM32F4xx_HAL_Driver/stm32f4xx_ll_sdmmc.o
                0x0000000008002ef0                SDMMC_GetCmdResp2
 .text.SDMMC_GetCmdResp3
                0x0000000008002f80       0x7c ./Drivers/STM32F4xx_HAL_Driver/stm32f4xx_ll_sdmmc.o
                0x0000000008002f80                SDMMC_GetCmdResp3
 .text.SDMMC_GetCmdResp6
                0x0000000008002ffc       0xec ./Drivers/STM32F4xx_HAL_Driver/stm32f4xx_ll_sdmmc.o
                0x0000000008002ffc                SDMMC_GetCmdResp6
 .text.SDMMC_GetCmdResp7
                0x00000000080030e8       0x9c ./Drivers/STM32F4xx_HAL_Driver/stm32f4xx_ll_sdmmc.o
                0x00000000080030e8                SDMMC_GetCmdResp7
 .text.SDMMC_GetCmdError
                0x0000000008003184       0x58 ./Drivers/STM32F4xx_HAL_Driver/stm32f4xx_ll_sdmmc.o
 .text.MX_FATFS_Init
                0x00000000080031dc       0x24 ./FATFS/App/fatfs.o
                0x00000000080031dc                MX_FATFS_Init
 .text.get_fattime
                0x0000000008003200       0x10 ./FATFS/App/fatfs.o
                0x0000000008003200                get_fattime
 .text.BSP_SD_Init
                0x0000000008003210       0x30 ./FATFS/Target/bsp_driver_sd.o
                0x0000000008003210                BSP_SD_Init
 .text.BSP_SD_ReadBlocks
                0x0000000008003240       0x3c ./FATFS/Target/bsp_driver_sd.o
                0x0000000008003240                BSP_SD_ReadBlocks
 .text.BSP_SD_WriteBlocks
                0x000000000800327c       0x3c ./FATFS/Target/bsp_driver_sd.o
                0x000000000800327c                BSP_SD_WriteBlocks
 .text.BSP_SD_GetCardState
                0x00000000080032b8       0x20 ./FATFS/Target/bsp_driver_sd.o
                0x00000000080032b8                BSP_SD_GetCardState
 .text.BSP_SD_GetCardInfo
                0x00000000080032d8       0x1c ./FATFS/Target/bsp_driver_sd.o
                0x00000000080032d8                BSP_SD_GetCardInfo
 .text.BSP_SD_IsDetected
                0x00000000080032f4       0x1a ./FATFS/Target/bsp_driver_sd.o
                0x00000000080032f4                BSP_SD_IsDetected
 *fill*         0x000000000800330e        0x2 
 .text.SD_CheckStatus
                0x0000000008003310       0x3c ./FATFS/Target/sd_diskio.o
 .text.SD_initialize
                0x000000000800334c       0x3c ./FATFS/Target/sd_diskio.o
                0x000000000800334c                SD_initialize
 .text.SD_status
                0x0000000008003388       0x1c ./FATFS/Target/sd_diskio.o
                0x0000000008003388                SD_status
 .text.SD_read  0x00000000080033a4       0x42 ./FATFS/Target/sd_diskio.o
                0x00000000080033a4                SD_read
 .text.SD_write
                0x00000000080033e6       0x42 ./FATFS/Target/sd_diskio.o
                0x00000000080033e6                SD_write
 .text.SD_ioctl
                0x0000000008003428       0xb0 ./FATFS/Target/sd_diskio.o
                0x0000000008003428                SD_ioctl
 .text.disk_status
                0x00000000080034d8       0x34 ./Middlewares/FatFs/diskio.o
                0x00000000080034d8                disk_status
 .text.disk_initialize
                0x000000000800350c       0x50 ./Middlewares/FatFs/diskio.o
                0x000000000800350c                disk_initialize
 .text.disk_read
                0x000000000800355c       0x40 ./Middlewares/FatFs/diskio.o
                0x000000000800355c                disk_read
 .text.disk_write
                0x000000000800359c       0x40 ./Middlewares/FatFs/diskio.o
                0x000000000800359c                disk_write
 .text.disk_ioctl
                0x00000000080035dc       0x3c ./Middlewares/FatFs/diskio.o
                0x00000000080035dc                disk_ioctl
 .text.ld_word  0x0000000008003618       0x30 ./Middlewares/FatFs/ff.o
 .text.ld_dword
                0x0000000008003648       0x46 ./Middlewares/FatFs/ff.o
 .text.st_word  0x000000000800368e       0x36 ./Middlewares/FatFs/ff.o
 .text.st_dword
                0x00000000080036c4       0x58 ./Middlewares/FatFs/ff.o
 .text.mem_cpy  0x000000000800371c       0x42 ./Middlewares/FatFs/ff.o
 .text.mem_set  0x000000000800375e       0x36 ./Middlewares/FatFs/ff.o
 .text.mem_cmp  0x0000000008003794       0x4e ./Middlewares/FatFs/ff.o
 .text.chk_chr  0x00000000080037e2       0x36 ./Middlewares/FatFs/ff.o
 .text.chk_lock
                0x0000000008003818       0xb8 ./Middlewares/FatFs/ff.o
 .text.enq_lock
                0x00000000080038d0       0x44 ./Middlewares/FatFs/ff.o
 .text.inc_lock
                0x0000000008003914      0x11c ./Middlewares/FatFs/ff.o
 .text.dec_lock
                0x0000000008003a30       0x78 ./Middlewares/FatFs/ff.o
 .text.clear_lock
                0x0000000008003aa8       0x48 ./Middlewares/FatFs/ff.o
 .text.sync_window
                0x0000000008003af0       0x88 ./Middlewares/FatFs/ff.o
 .text.move_window
                0x0000000008003b78       0x5a ./Middlewares/FatFs/ff.o
 *fill*         0x0000000008003bd2        0x2 
 .text.sync_fs  0x0000000008003bd4       0xe0 ./Middlewares/FatFs/ff.o
 .text.clust2sect
                0x0000000008003cb4       0x3e ./Middlewares/FatFs/ff.o
 .text.get_fat  0x0000000008003cf2      0x1a8 ./Middlewares/FatFs/ff.o
 .text.put_fat  0x0000000008003e9a      0x234 ./Middlewares/FatFs/ff.o
 .text.remove_chain
                0x00000000080040ce       0xca ./Middlewares/FatFs/ff.o
 .text.create_chain
                0x0000000008004198      0x130 ./Middlewares/FatFs/ff.o
 .text.clmt_clust
                0x00000000080042c8       0x70 ./Middlewares/FatFs/ff.o
 .text.dir_sdi  0x0000000008004338      0x112 ./Middlewares/FatFs/ff.o
 .text.dir_next
                0x000000000800444a      0x1ac ./Middlewares/FatFs/ff.o
 .text.dir_alloc
                0x00000000080045f6       0x8e ./Middlewares/FatFs/ff.o
 .text.ld_clust
                0x0000000008004684       0x3e ./Middlewares/FatFs/ff.o
 .text.st_clust
                0x00000000080046c2       0x40 ./Middlewares/FatFs/ff.o
 .text.dir_find
                0x0000000008004702       0xaa ./Middlewares/FatFs/ff.o
 .text.dir_register
                0x00000000080047ac       0x64 ./Middlewares/FatFs/ff.o
 .text.create_name
                0x0000000008004810      0x128 ./Middlewares/FatFs/ff.o
 .text.follow_path
                0x0000000008004938       0xec ./Middlewares/FatFs/ff.o
 .text.get_ldnumber
                0x0000000008004a24       0x88 ./Middlewares/FatFs/ff.o
 .text.check_fs
                0x0000000008004aac       0xac ./Middlewares/FatFs/ff.o
 .text.find_volume
                0x0000000008004b58      0x500 ./Middlewares/FatFs/ff.o
 .text.validate
                0x0000000008005058       0x6a ./Middlewares/FatFs/ff.o
 *fill*         0x00000000080050c2        0x2 
 .text.f_mount  0x00000000080050c4       0x8c ./Middlewares/FatFs/ff.o
                0x00000000080050c4                f_mount
 .text.f_open   0x0000000008005150      0x398 ./Middlewares/FatFs/ff.o
                0x0000000008005150                f_open
 .text.f_write  0x00000000080054e8      0x328 ./Middlewares/FatFs/ff.o
                0x00000000080054e8                f_write
 .text.f_sync   0x0000000008005810       0xfc ./Middlewares/FatFs/ff.o
                0x0000000008005810                f_sync
 .text.f_close  0x000000000800590c       0x54 ./Middlewares/FatFs/ff.o
                0x000000000800590c                f_close
 .text.FATFS_LinkDriverEx
                0x0000000008005960       0x98 ./Middlewares/FatFs/ff_gen_drv.o
                0x0000000008005960                FATFS_LinkDriverEx
 .text.FATFS_LinkDriver
                0x00000000080059f8       0x1e ./Middlewares/FatFs/ff_gen_drv.o
                0x00000000080059f8                FATFS_LinkDriver
 .text.memset   0x0000000008005a16       0x10 C:/ST/STM32CubeIDE_1.14.1/STM32CubeIDE/plugins/com.st.stm32cube.ide.mcu.externaltools.gnu-tools-for-stm32.11.3.rel1.win32_1.1.100.202309141235/tools/bin/../lib/gcc/arm-none-eabi/11.3.1/../../../../arm-none-eabi/lib/thumb/v7e-m+fp/hard\libc_nano.a(libc_a-memset.o)
                0x0000000008005a16                memset
 *fill*         0x0000000008005a26        0x2 
 .text.__libc_init_array
                0x0000000008005a28       0x48 C:/ST/STM32CubeIDE_1.14.1/STM32CubeIDE/plugins/com.st.stm32cube.ide.mcu.externaltools.gnu-tools-for-stm32.11.3.rel1.win32_1.1.100.202309141235/tools/bin/../lib/gcc/arm-none-eabi/11.3.1/../../../../arm-none-eabi/lib/thumb/v7e-m+fp/hard\libc_nano.a(libc_a-init.o)
                0x0000000008005a28                __libc_init_array
 .text.memcpy   0x0000000008005a70       0x1c C:/ST/STM32CubeIDE_1.14.1/STM32CubeIDE/plugins/com.st.stm32cube.ide.mcu.externaltools.gnu-tools-for-stm32.11.3.rel1.win32_1.1.100.202309141235/tools/bin/../lib/gcc/arm-none-eabi/11.3.1/../../../../arm-none-eabi/lib/thumb/v7e-m+fp/hard\libc_nano.a(libc_a-memcpy-stub.o)
                0x0000000008005a70                memcpy
 *(.glue_7)
 .glue_7        0x0000000008005a8c        0x0 linker stubs
 *(.glue_7t)
 .glue_7t       0x0000000008005a8c        0x0 linker stubs
 *(.eh_frame)
 .eh_frame      0x0000000008005a8c        0x0 C:/ST/STM32CubeIDE_1.14.1/STM32CubeIDE/plugins/com.st.stm32cube.ide.mcu.externaltools.gnu-tools-for-stm32.11.3.rel1.win32_1.1.100.202309141235/tools/bin/../lib/gcc/arm-none-eabi/11.3.1/thumb/v7e-m+fp/hard/crtbegin.o
 *(.init)
 .init          0x0000000008005a8c        0x4 C:/ST/STM32CubeIDE_1.14.1/STM32CubeIDE/plugins/com.st.stm32cube.ide.mcu.externaltools.gnu-tools-for-stm32.11.3.rel1.win32_1.1.100.202309141235/tools/bin/../lib/gcc/arm-none-eabi/11.3.1/thumb/v7e-m+fp/hard/crti.o
                0x0000000008005a8c                _init
 .init          0x0000000008005a90        0x8 C:/ST/STM32CubeIDE_1.14.1/STM32CubeIDE/plugins/com.st.stm32cube.ide.mcu.externaltools.gnu-tools-for-stm32.11.3.rel1.win32_1.1.100.202309141235/tools/bin/../lib/gcc/arm-none-eabi/11.3.1/thumb/v7e-m+fp/hard/crtn.o
 *(.fini)
 .fini          0x0000000008005a98        0x4 C:/ST/STM32CubeIDE_1.14.1/STM32CubeIDE/plugins/com.st.stm32cube.ide.mcu.externaltools.gnu-tools-for-stm32.11.3.rel1.win32_1.1.100.202309141235/tools/bin/../lib/gcc/arm-none-eabi/11.3.1/thumb/v7e-m+fp/hard/crti.o
                0x0000000008005a98                _fini
 .fini          0x0000000008005a9c        0x8 C:/ST/STM32CubeIDE_1.14.1/STM32CubeIDE/plugins/com.st.stm32cube.ide.mcu.externaltools.gnu-tools-for-stm32.11.3.rel1.win32_1.1.100.202309141235/tools/bin/../lib/gcc/arm-none-eabi/11.3.1/thumb/v7e-m+fp/hard/crtn.o
                0x0000000008005aa4                . = ALIGN (0x4)
                0x0000000008005aa4                _etext = .

.vfp11_veneer   0x0000000008005aa4        0x0
 .vfp11_veneer  0x0000000008005aa4        0x0 linker stubs

.v4_bx          0x0000000008005aa4        0x0
 .v4_bx         0x0000000008005aa4        0x0 linker stubs

.iplt           0x0000000008005aa4        0x0
 .iplt          0x0000000008005aa4        0x0 C:/ST/STM32CubeIDE_1.14.1/STM32CubeIDE/plugins/com.st.stm32cube.ide.mcu.externaltools.gnu-tools-for-stm32.11.3.rel1.win32_1.1.100.202309141235/tools/bin/../lib/gcc/arm-none-eabi/11.3.1/thumb/v7e-m+fp/hard/crtbegin.o

.rodata         0x0000000008005aa4      0x138
                0x0000000008005aa4                . = ALIGN (0x4)
 *(.rodata)
 .rodata        0x0000000008005aa4       0x4e ./Core/Src/main.o
 *fill*         0x0000000008005af2        0x2 
 .rodata        0x0000000008005af4       0x44 ./Middlewares/FatFs/ff.o
 *(.rodata*)
 .rodata.AHBPrescTable
                0x0000000008005b38       0x10 ./Core/Src/system_stm32f4xx.o
                0x0000000008005b38                AHBPrescTable
 .rodata.SD_Driver
                0x0000000008005b48       0x14 ./FATFS/Target/sd_diskio.o
                0x0000000008005b48                SD_Driver
 .rodata.ExCvt  0x0000000008005b5c       0x80 ./Middlewares/FatFs/ff.o
                0x0000000008005bdc                . = ALIGN (0x4)

.ARM.extab      0x0000000008005bdc        0x0
                0x0000000008005bdc                . = ALIGN (0x4)
 *(.ARM.extab* .gnu.linkonce.armextab.*)
                0x0000000008005bdc                . = ALIGN (0x4)

.ARM            0x0000000008005bdc        0x8
                0x0000000008005bdc                . = ALIGN (0x4)
                0x0000000008005bdc                __exidx_start = .
 *(.ARM.exidx*)
 .ARM.exidx     0x0000000008005bdc        0x8 C:/ST/STM32CubeIDE_1.14.1/STM32CubeIDE/plugins/com.st.stm32cube.ide.mcu.externaltools.gnu-tools-for-stm32.11.3.rel1.win32_1.1.100.202309141235/tools/bin/../lib/gcc/arm-none-eabi/11.3.1/thumb/v7e-m+fp/hard\libgcc.a(_udivmoddi4.o)
                0x0000000008005be4                __exidx_end = .
                0x0000000008005be4                . = ALIGN (0x4)

.rel.dyn        0x0000000008005be4        0x0
 .rel.iplt      0x0000000008005be4        0x0 C:/ST/STM32CubeIDE_1.14.1/STM32CubeIDE/plugins/com.st.stm32cube.ide.mcu.externaltools.gnu-tools-for-stm32.11.3.rel1.win32_1.1.100.202309141235/tools/bin/../lib/gcc/arm-none-eabi/11.3.1/thumb/v7e-m+fp/hard/crtbegin.o

.preinit_array  0x0000000008005be4        0x0
                0x0000000008005be4                . = ALIGN (0x4)
                0x0000000008005be4                PROVIDE (__preinit_array_start = .)
 *(.preinit_array*)
                0x0000000008005be4                PROVIDE (__preinit_array_end = .)
                0x0000000008005be4                . = ALIGN (0x4)

.init_array     0x0000000008005be4        0x4
                0x0000000008005be4                . = ALIGN (0x4)
                0x0000000008005be4                PROVIDE (__init_array_start = .)
 *(SORT_BY_NAME(.init_array.*))
 *(.init_array*)
 .init_array    0x0000000008005be4        0x4 C:/ST/STM32CubeIDE_1.14.1/STM32CubeIDE/plugins/com.st.stm32cube.ide.mcu.externaltools.gnu-tools-for-stm32.11.3.rel1.win32_1.1.100.202309141235/tools/bin/../lib/gcc/arm-none-eabi/11.3.1/thumb/v7e-m+fp/hard/crtbegin.o
                0x0000000008005be8                PROVIDE (__init_array_end = .)
                0x0000000008005be8                . = ALIGN (0x4)

.fini_array     0x0000000008005be8        0x4
                0x0000000008005be8                . = ALIGN (0x4)
                [!provide]                        PROVIDE (__fini_array_start = .)
 *(SORT_BY_NAME(.fini_array.*))
 *(.fini_array*)
 .fini_array    0x0000000008005be8        0x4 C:/ST/STM32CubeIDE_1.14.1/STM32CubeIDE/plugins/com.st.stm32cube.ide.mcu.externaltools.gnu-tools-for-stm32.11.3.rel1.win32_1.1.100.202309141235/tools/bin/../lib/gcc/arm-none-eabi/11.3.1/thumb/v7e-m+fp/hard/crtbegin.o
                [!provide]                        PROVIDE (__fini_array_end = .)
                0x0000000008005bec                . = ALIGN (0x4)
                0x0000000008005bec                _sidata = LOADADDR (.data)

.data           0x0000000020000000        0xc load address 0x0000000008005bec
                0x0000000020000000                . = ALIGN (0x4)
                0x0000000020000000                _sdata = .
 *(.data)
 *(.data*)
 .data.SystemCoreClock
                0x0000000020000000        0x4 ./Core/Src/system_stm32f4xx.o
                0x0000000020000000                SystemCoreClock
 .data.uwTickPrio
                0x0000000020000004        0x4 ./Drivers/STM32F4xx_HAL_Driver/stm32f4xx_hal.o
                0x0000000020000004                uwTickPrio
 .data.uwTickFreq
                0x0000000020000008        0x1 ./Drivers/STM32F4xx_HAL_Driver/stm32f4xx_hal.o
                0x0000000020000008                uwTickFreq
 .data.Stat     0x0000000020000009        0x1 ./FATFS/Target/sd_diskio.o
 *(.RamFunc)
 *(.RamFunc*)
                0x000000002000000c                . = ALIGN (0x4)
 *fill*         0x000000002000000a        0x2 
                0x000000002000000c                _edata = .
                0x0000000008005bf8                _siccmram = LOADADDR (.ccmram)

.igot.plt       0x000000002000000c        0x0 load address 0x0000000008005bf8
 .igot.plt      0x000000002000000c        0x0 C:/ST/STM32CubeIDE_1.14.1/STM32CubeIDE/plugins/com.st.stm32cube.ide.mcu.externaltools.gnu-tools-for-stm32.11.3.rel1.win32_1.1.100.202309141235/tools/bin/../lib/gcc/arm-none-eabi/11.3.1/thumb/v7e-m+fp/hard/crtbegin.o

.ccmram         0x0000000010000000        0x0 load address 0x0000000008005bf8
                0x0000000010000000                . = ALIGN (0x4)
                0x0000000010000000                _sccmram = .
 *(.ccmram)
 *(.ccmram*)
                0x0000000010000000                . = ALIGN (0x4)
                0x0000000010000000                _eccmram = .
                0x0000000010000000                . = ALIGN (0x4)

.bss            0x000000002000000c       0xe0
                0x000000002000000c                _sbss = .
                0x000000002000000c                __bss_start__ = _sbss
 *(.bss)
 .bss           0x000000002000000c       0x1c C:/ST/STM32CubeIDE_1.14.1/STM32CubeIDE/plugins/com.st.stm32cube.ide.mcu.externaltools.gnu-tools-for-stm32.11.3.rel1.win32_1.1.100.202309141235/tools/bin/../lib/gcc/arm-none-eabi/11.3.1/thumb/v7e-m+fp/hard/crtbegin.o
 *(.bss*)
 .bss.hsd       0x0000000020000028       0x84 ./Core/Src/main.o
                0x0000000020000028                hsd
 .bss.uwTick    0x00000000200000ac        0x4 ./Drivers/STM32F4xx_HAL_Driver/stm32f4xx_hal.o
                0x00000000200000ac                uwTick
 .bss.retSD     0x00000000200000b0        0x1 ./FATFS/App/fatfs.o
                0x00000000200000b0                retSD
 *fill*         0x00000000200000b1        0x3 
 .bss.SDPath    0x00000000200000b4        0x4 ./FATFS/App/fatfs.o
                0x00000000200000b4                SDPath
 .bss.FatFs     0x00000000200000b8        0x4 ./Middlewares/FatFs/ff.o
 .bss.Fsid      0x00000000200000bc        0x2 ./Middlewares/FatFs/ff.o
 *fill*         0x00000000200000be        0x2 
 .bss.Files     0x00000000200000c0       0x20 ./Middlewares/FatFs/ff.o
 .bss.disk      0x00000000200000e0        0xc ./Middlewares/FatFs/ff_gen_drv.o
                0x00000000200000e0                disk
 *(COMMON)
                0x00000000200000ec                . = ALIGN (0x4)
                0x00000000200000ec                _ebss = .
                0x00000000200000ec                __bss_end__ = _ebss

._user_heap_stack
                0x00000000200000ec      0x604
                0x00000000200000f0                . = ALIGN (0x8)
 *fill*         0x00000000200000ec        0x4 
                [!provide]                        PROVIDE (end = .)
                0x00000000200000f0                PROVIDE (_end = .)
                0x00000000200002f0                . = (. + _Min_Heap_Size)
 *fill*         0x00000000200000f0      0x200 
                0x00000000200006f0                . = (. + _Min_Stack_Size)
 *fill*         0x00000000200002f0      0x400 
                0x00000000200006f0                . = ALIGN (0x8)

/DISCARD/
 libc.a(*)
 libm.a(*)
 libgcc.a(*)

.ARM.attributes
                0x0000000000000000       0x30
 *(.ARM.attributes)
 .ARM.attributes
                0x0000000000000000       0x1e C:/ST/STM32CubeIDE_1.14.1/STM32CubeIDE/plugins/com.st.stm32cube.ide.mcu.externaltools.gnu-tools-for-stm32.11.3.rel1.win32_1.1.100.202309141235/tools/bin/../lib/gcc/arm-none-eabi/11.3.1/thumb/v7e-m+fp/hard/crti.o
 .ARM.attributes
                0x000000000000001e       0x34 C:/ST/STM32CubeIDE_1.14.1/STM32CubeIDE/plugins/com.st.stm32cube.ide.mcu.externaltools.gnu-tools-for-stm32.11.3.rel1.win32_1.1.100.202309141235/tools/bin/../lib/gcc/arm-none-eabi/11.3.1/thumb/v7e-m+fp/hard/crtbegin.o
 .ARM.attributes
                0x0000000000000052       0x34 ./Core/Src/main.o
 .ARM.attributes
                0x0000000000000086       0x34 ./Core/Src/stm32f4xx_hal_msp.o
 .ARM.attributes
                0x00000000000000ba       0x34 ./Core/Src/stm32f4xx_it.o
 .ARM.attributes
                0x00000000000000ee       0x34 ./Core/Src/system_stm32f4xx.o
 .ARM.attributes
                0x0000000000000122       0x21 ./Core/Startup/startup_stm32f407vgtx.o
 .ARM.attributes
                0x0000000000000143       0x34 ./Drivers/STM32F4xx_HAL_Driver/stm32f4xx_hal.o
 .ARM.attributes
                0x0000000000000177       0x34 ./Drivers/STM32F4xx_HAL_Driver/stm32f4xx_hal_cortex.o
 .ARM.attributes
                0x00000000000001ab       0x34 ./Drivers/STM32F4xx_HAL_Driver/stm32f4xx_hal_gpio.o
 .ARM.attributes
                0x00000000000001df       0x34 ./Drivers/STM32F4xx_HAL_Driver/stm32f4xx_hal_rcc.o
 .ARM.attributes
                0x0000000000000213       0x34 ./Drivers/STM32F4xx_HAL_Driver/stm32f4xx_hal_sd.o
 .ARM.attributes
                0x0000000000000247       0x34 ./Drivers/STM32F4xx_HAL_Driver/stm32f4xx_ll_sdmmc.o
 .ARM.attributes
                0x000000000000027b       0x34 ./FATFS/App/fatfs.o
 .ARM.attributes
                0x00000000000002af       0x34 ./FATFS/Target/bsp_driver_sd.o
 .ARM.attributes
                0x00000000000002e3       0x34 ./FATFS/Target/sd_diskio.o
 .ARM.attributes
                0x0000000000000317       0x34 ./Middlewares/FatFs/diskio.o
 .ARM.attributes
                0x000000000000034b       0x34 ./Middlewares/FatFs/ff.o
 .ARM.attributes
                0x000000000000037f       0x34 ./Middlewares/FatFs/ff_gen_drv.o
 .ARM.attributes
                0x00000000000003b3       0x34 C:/ST/STM32CubeIDE_1.14.1/STM32CubeIDE/plugins/com.st.stm32cube.ide.mcu.externaltools.gnu-tools-for-stm32.11.3.rel1.win32_1.1.100.202309141235/tools/bin/../lib/gcc/arm-none-eabi/11.3.1/../../../../arm-none-eabi/lib/thumb/v7e-m+fp/hard\libc_nano.a(libc_a-memset.o)
 .ARM.attributes
                0x00000000000003e7       0x34 C:/ST/STM32CubeIDE_1.14.1/STM32CubeIDE/plugins/com.st.stm32cube.ide.mcu.externaltools.gnu-tools-for-stm32.11.3.rel1.win32_1.1.100.202309141235/tools/bin/../lib/gcc/arm-none-eabi/11.3.1/../../../../arm-none-eabi/lib/thumb/v7e-m+fp/hard\libc_nano.a(libc_a-init.o)
 .ARM.attributes
                0x000000000000041b       0x34 C:/ST/STM32CubeIDE_1.14.1/STM32CubeIDE/plugins/com.st.stm32cube.ide.mcu.externaltools.gnu-tools-for-stm32.11.3.rel1.win32_1.1.100.202309141235/tools/bin/../lib/gcc/arm-none-eabi/11.3.1/../../../../arm-none-eabi/lib/thumb/v7e-m+fp/hard\libc_nano.a(libc_a-memcpy-stub.o)
 .ARM.attributes
                0x000000000000044f       0x1e C:/ST/STM32CubeIDE_1.14.1/STM32CubeIDE/plugins/com.st.stm32cube.ide.mcu.externaltools.gnu-tools-for-stm32.11.3.rel1.win32_1.1.100.202309141235/tools/bin/../lib/gcc/arm-none-eabi/11.3.1/thumb/v7e-m+fp/hard\libgcc.a(_aeabi_uldivmod.o)
 .ARM.attributes
                0x000000000000046d       0x34 C:/ST/STM32CubeIDE_1.14.1/STM32CubeIDE/plugins/com.st.stm32cube.ide.mcu.externaltools.gnu-tools-for-stm32.11.3.rel1.win32_1.1.100.202309141235/tools/bin/../lib/gcc/arm-none-eabi/11.3.1/thumb/v7e-m+fp/hard\libgcc.a(_udivmoddi4.o)
 .ARM.attributes
                0x00000000000004a1       0x1e C:/ST/STM32CubeIDE_1.14.1/STM32CubeIDE/plugins/com.st.stm32cube.ide.mcu.externaltools.gnu-tools-for-stm32.11.3.rel1.win32_1.1.100.202309141235/tools/bin/../lib/gcc/arm-none-eabi/11.3.1/thumb/v7e-m+fp/hard\libgcc.a(_dvmd_tls.o)
 .ARM.attributes
                0x00000000000004bf       0x1e C:/ST/STM32CubeIDE_1.14.1/STM32CubeIDE/plugins/com.st.stm32cube.ide.mcu.externaltools.gnu-tools-for-stm32.11.3.rel1.win32_1.1.100.202309141235/tools/bin/../lib/gcc/arm-none-eabi/11.3.1/thumb/v7e-m+fp/hard/crtn.o
OUTPUT(SD_Card.elf elf32-littlearm)
LOAD linker stubs
LOAD C:/ST/STM32CubeIDE_1.14.1/STM32CubeIDE/plugins/com.st.stm32cube.ide.mcu.externaltools.gnu-tools-for-stm32.11.3.rel1.win32_1.1.100.202309141235/tools/bin/../lib/gcc/arm-none-eabi/11.3.1/../../../../arm-none-eabi/lib/thumb/v7e-m+fp/hard\libc.a
LOAD C:/ST/STM32CubeIDE_1.14.1/STM32CubeIDE/plugins/com.st.stm32cube.ide.mcu.externaltools.gnu-tools-for-stm32.11.3.rel1.win32_1.1.100.202309141235/tools/bin/../lib/gcc/arm-none-eabi/11.3.1/../../../../arm-none-eabi/lib/thumb/v7e-m+fp/hard\libm.a
LOAD C:/ST/STM32CubeIDE_1.14.1/STM32CubeIDE/plugins/com.st.stm32cube.ide.mcu.externaltools.gnu-tools-for-stm32.11.3.rel1.win32_1.1.100.202309141235/tools/bin/../lib/gcc/arm-none-eabi/11.3.1/thumb/v7e-m+fp/hard\libgcc.a

.comment        0x0000000000000000       0x43
 .comment       0x0000000000000000       0x43 C:/ST/STM32CubeIDE_1.14.1/STM32CubeIDE/plugins/com.st.stm32cube.ide.mcu.externaltools.gnu-tools-for-stm32.11.3.rel1.win32_1.1.100.202309141235/tools/bin/../lib/gcc/arm-none-eabi/11.3.1/thumb/v7e-m+fp/hard/crtbegin.o
                                         0x44 (size before relaxing)
 .comment       0x0000000000000043       0x44 ./Core/Src/main.o
 .comment       0x0000000000000043       0x44 ./Core/Src/stm32f4xx_hal_msp.o
 .comment       0x0000000000000043       0x44 ./Core/Src/stm32f4xx_it.o
 .comment       0x0000000000000043       0x44 ./Core/Src/system_stm32f4xx.o
 .comment       0x0000000000000043       0x44 ./Drivers/STM32F4xx_HAL_Driver/stm32f4xx_hal.o
 .comment       0x0000000000000043       0x44 ./Drivers/STM32F4xx_HAL_Driver/stm32f4xx_hal_cortex.o
 .comment       0x0000000000000043       0x44 ./Drivers/STM32F4xx_HAL_Driver/stm32f4xx_hal_gpio.o
 .comment       0x0000000000000043       0x44 ./Drivers/STM32F4xx_HAL_Driver/stm32f4xx_hal_rcc.o
 .comment       0x0000000000000043       0x44 ./Drivers/STM32F4xx_HAL_Driver/stm32f4xx_hal_sd.o
 .comment       0x0000000000000043       0x44 ./Drivers/STM32F4xx_HAL_Driver/stm32f4xx_ll_sdmmc.o
 .comment       0x0000000000000043       0x44 ./FATFS/App/fatfs.o
 .comment       0x0000000000000043       0x44 ./FATFS/Target/bsp_driver_sd.o
 .comment       0x0000000000000043       0x44 ./FATFS/Target/sd_diskio.o
 .comment       0x0000000000000043       0x44 ./Middlewares/FatFs/diskio.o
 .comment       0x0000000000000043       0x44 ./Middlewares/FatFs/ff.o
 .comment       0x0000000000000043       0x44 ./Middlewares/FatFs/ff_gen_drv.o

.debug_info     0x0000000000000000     0xb1e8
 .debug_info    0x0000000000000000     0x10cd ./Core/Src/main.o
 .debug_info    0x00000000000010cd      0xa4d ./Core/Src/stm32f4xx_hal_msp.o
 .debug_info    0x0000000000001b1a      0x112 ./Core/Src/stm32f4xx_it.o
 .debug_info    0x0000000000001c2c      0x512 ./Core/Src/system_stm32f4xx.o
 .debug_info    0x000000000000213e       0x23 ./Core/Startup/startup_stm32f407vgtx.o
 .debug_info    0x0000000000002161      0x944 ./Drivers/STM32F4xx_HAL_Driver/stm32f4xx_hal.o
 .debug_info    0x0000000000002aa5      0xd57 ./Drivers/STM32F4xx_HAL_Driver/stm32f4xx_hal_cortex.o
 .debug_info    0x00000000000037fc      0x6c3 ./Drivers/STM32F4xx_HAL_Driver/stm32f4xx_hal_gpio.o
 .debug_info    0x0000000000003ebf      0x8b1 ./Drivers/STM32F4xx_HAL_Driver/stm32f4xx_hal_rcc.o
 .debug_info    0x0000000000004770     0x1c0a ./Drivers/STM32F4xx_HAL_Driver/stm32f4xx_hal_sd.o
 .debug_info    0x000000000000637a     0x10c4 ./Drivers/STM32F4xx_HAL_Driver/stm32f4xx_ll_sdmmc.o
 .debug_info    0x000000000000743e      0x4ea ./FATFS/App/fatfs.o
 .debug_info    0x0000000000007928      0xabd ./FATFS/Target/bsp_driver_sd.o
 .debug_info    0x00000000000083e5      0x4b8 ./FATFS/Target/sd_diskio.o
 .debug_info    0x000000000000889d      0x3df ./Middlewares/FatFs/diskio.o
 .debug_info    0x0000000000008c7c     0x21ed ./Middlewares/FatFs/ff.o
 .debug_info    0x000000000000ae69      0x37f ./Middlewares/FatFs/ff_gen_drv.o

.debug_abbrev   0x0000000000000000     0x1f44
 .debug_abbrev  0x0000000000000000      0x2af ./Core/Src/main.o
 .debug_abbrev  0x00000000000002af      0x1be ./Core/Src/stm32f4xx_hal_msp.o
 .debug_abbrev  0x000000000000046d       0x73 ./Core/Src/stm32f4xx_it.o
 .debug_abbrev  0x00000000000004e0      0x11a ./Core/Src/system_stm32f4xx.o
 .debug_abbrev  0x00000000000005fa       0x12 ./Core/Startup/startup_stm32f407vgtx.o
 .debug_abbrev  0x000000000000060c      0x214 ./Drivers/STM32F4xx_HAL_Driver/stm32f4xx_hal.o
 .debug_abbrev  0x0000000000000820      0x328 ./Drivers/STM32F4xx_HAL_Driver/stm32f4xx_hal_cortex.o
 .debug_abbrev  0x0000000000000b48      0x1d4 ./Drivers/STM32F4xx_HAL_Driver/stm32f4xx_hal_gpio.o
 .debug_abbrev  0x0000000000000d1c      0x2b6 ./Drivers/STM32F4xx_HAL_Driver/stm32f4xx_hal_rcc.o
 .debug_abbrev  0x0000000000000fd2      0x297 ./Drivers/STM32F4xx_HAL_Driver/stm32f4xx_hal_sd.o
 .debug_abbrev  0x0000000000001269      0x1d6 ./Drivers/STM32F4xx_HAL_Driver/stm32f4xx_ll_sdmmc.o
 .debug_abbrev  0x000000000000143f      0x15e ./FATFS/App/fatfs.o
 .debug_abbrev  0x000000000000159d      0x276 ./FATFS/Target/bsp_driver_sd.o
 .debug_abbrev  0x0000000000001813      0x191 ./FATFS/Target/sd_diskio.o
 .debug_abbrev  0x00000000000019a4      0x181 ./Middlewares/FatFs/diskio.o
 .debug_abbrev  0x0000000000001b25      0x280 ./Middlewares/FatFs/ff.o
 .debug_abbrev  0x0000000000001da5      0x19f ./Middlewares/FatFs/ff_gen_drv.o

.debug_aranges  0x0000000000000000      0xaa0
 .debug_aranges
                0x0000000000000000       0x40 ./Core/Src/main.o
 .debug_aranges
                0x0000000000000040       0x30 ./Core/Src/stm32f4xx_hal_msp.o
 .debug_aranges
                0x0000000000000070       0x60 ./Core/Src/stm32f4xx_it.o
 .debug_aranges
                0x00000000000000d0       0x28 ./Core/Src/system_stm32f4xx.o
 .debug_aranges
                0x00000000000000f8       0x28 ./Core/Startup/startup_stm32f407vgtx.o
 .debug_aranges
                0x0000000000000120       0xf0 ./Drivers/STM32F4xx_HAL_Driver/stm32f4xx_hal.o
 .debug_aranges
                0x0000000000000210      0x120 ./Drivers/STM32F4xx_HAL_Driver/stm32f4xx_hal_cortex.o
 .debug_aranges
                0x0000000000000330       0x58 ./Drivers/STM32F4xx_HAL_Driver/stm32f4xx_hal_gpio.o
 .debug_aranges
                0x0000000000000388       0x88 ./Drivers/STM32F4xx_HAL_Driver/stm32f4xx_hal_rcc.o
 .debug_aranges
                0x0000000000000410      0x168 ./Drivers/STM32F4xx_HAL_Driver/stm32f4xx_hal_sd.o
 .debug_aranges
                0x0000000000000578      0x188 ./Drivers/STM32F4xx_HAL_Driver/stm32f4xx_ll_sdmmc.o
 .debug_aranges
                0x0000000000000700       0x28 ./FATFS/App/fatfs.o
 .debug_aranges
                0x0000000000000728       0xa0 ./FATFS/Target/bsp_driver_sd.o
 .debug_aranges
                0x00000000000007c8       0x48 ./FATFS/Target/sd_diskio.o
 .debug_aranges
                0x0000000000000810       0x48 ./Middlewares/FatFs/diskio.o
 .debug_aranges
                0x0000000000000858      0x208 ./Middlewares/FatFs/ff.o
 .debug_aranges
                0x0000000000000a60       0x40 ./Middlewares/FatFs/ff_gen_drv.o

.debug_rnglists
                0x0000000000000000      0x7ef
 .debug_rnglists
                0x0000000000000000       0x2e ./Core/Src/main.o
 .debug_rnglists
                0x000000000000002e       0x20 ./Core/Src/stm32f4xx_hal_msp.o
 .debug_rnglists
                0x000000000000004e       0x43 ./Core/Src/stm32f4xx_it.o
 .debug_rnglists
                0x0000000000000091       0x1a ./Core/Src/system_stm32f4xx.o
 .debug_rnglists
                0x00000000000000ab       0x19 ./Core/Startup/startup_stm32f407vgtx.o
 .debug_rnglists
                0x00000000000000c4       0xaf ./Drivers/STM32F4xx_HAL_Driver/stm32f4xx_hal.o
 .debug_rnglists
                0x0000000000000173       0xd4 ./Drivers/STM32F4xx_HAL_Driver/stm32f4xx_hal_cortex.o
 .debug_rnglists
                0x0000000000000247       0x3f ./Drivers/STM32F4xx_HAL_Driver/stm32f4xx_hal_gpio.o
 .debug_rnglists
                0x0000000000000286       0x66 ./Drivers/STM32F4xx_HAL_Driver/stm32f4xx_hal_rcc.o
 .debug_rnglists
                0x00000000000002ec      0x121 ./Drivers/STM32F4xx_HAL_Driver/stm32f4xx_hal_sd.o
 .debug_rnglists
                0x000000000000040d      0x125 ./Drivers/STM32F4xx_HAL_Driver/stm32f4xx_ll_sdmmc.o
 .debug_rnglists
                0x0000000000000532       0x19 ./FATFS/App/fatfs.o
 .debug_rnglists
                0x000000000000054b       0x73 ./FATFS/Target/bsp_driver_sd.o
 .debug_rnglists
                0x00000000000005be       0x32 ./FATFS/Target/sd_diskio.o
 .debug_rnglists
                0x00000000000005f0       0x31 ./Middlewares/FatFs/diskio.o
 .debug_rnglists
                0x0000000000000621      0x1a2 ./Middlewares/FatFs/ff.o
 .debug_rnglists
                0x00000000000007c3       0x2c ./Middlewares/FatFs/ff_gen_drv.o

.debug_macro    0x0000000000000000    0x21de5
 .debug_macro   0x0000000000000000      0x301 ./Core/Src/main.o
 .debug_macro   0x0000000000000301      0xaa8 ./Core/Src/main.o
 .debug_macro   0x0000000000000da9      0x295 ./Core/Src/main.o
 .debug_macro   0x000000000000103e       0x2e ./Core/Src/main.o
 .debug_macro   0x000000000000106c       0x2f ./Core/Src/main.o
 .debug_macro   0x000000000000109b       0x22 ./Core/Src/main.o
 .debug_macro   0x00000000000010bd       0x8e ./Core/Src/main.o
 .debug_macro   0x000000000000114b       0x51 ./Core/Src/main.o
 .debug_macro   0x000000000000119c      0x103 ./Core/Src/main.o
 .debug_macro   0x000000000000129f       0x6a ./Core/Src/main.o
 .debug_macro   0x0000000000001309      0x1df ./Core/Src/main.o
 .debug_macro   0x00000000000014e8       0x1c ./Core/Src/main.o
 .debug_macro   0x0000000000001504       0x22 ./Core/Src/main.o
 .debug_macro   0x0000000000001526       0xfb ./Core/Src/main.o
 .debug_macro   0x0000000000001621     0x1011 ./Core/Src/main.o
 .debug_macro   0x0000000000002632      0x11f ./Core/Src/main.o
 .debug_macro   0x0000000000002751    0x15e97 ./Core/Src/main.o
 .debug_macro   0x00000000000185e8       0x6d ./Core/Src/main.o
 .debug_macro   0x0000000000018655     0x368c ./Core/Src/main.o
 .debug_macro   0x000000000001bce1      0x174 ./Core/Src/main.o
 .debug_macro   0x000000000001be55       0x5c ./Core/Src/main.o
 .debug_macro   0x000000000001beb1      0x980 ./Core/Src/main.o
 .debug_macro   0x000000000001c831      0x9e9 ./Core/Src/main.o
 .debug_macro   0x000000000001d21a      0x115 ./Core/Src/main.o
 .debug_macro   0x000000000001d32f      0x13e ./Core/Src/main.o
 .debug_macro   0x000000000001d46d       0xa5 ./Core/Src/main.o
 .debug_macro   0x000000000001d512      0x174 ./Core/Src/main.o
 .debug_macro   0x000000000001d686      0x287 ./Core/Src/main.o
 .debug_macro   0x000000000001d90d       0x5f ./Core/Src/main.o
 .debug_macro   0x000000000001d96c      0x236 ./Core/Src/main.o
 .debug_macro   0x000000000001dba2      0x12c ./Core/Src/main.o
 .debug_macro   0x000000000001dcce      0x21e ./Core/Src/main.o
 .debug_macro   0x000000000001deec       0x2e ./Core/Src/main.o
 .debug_macro   0x000000000001df1a      0x127 ./Core/Src/main.o
 .debug_macro   0x000000000001e041       0x7e ./Core/Src/main.o
 .debug_macro   0x000000000001e0bf       0x89 ./Core/Src/main.o
 .debug_macro   0x000000000001e148      0x868 ./Core/Src/main.o
 .debug_macro   0x000000000001e9b0      0x1d5 ./Core/Src/main.o
 .debug_macro   0x000000000001eb85      0x12d ./Core/Src/main.o
 .debug_macro   0x000000000001ecb2       0x3a ./Core/Src/main.o
 .debug_macro   0x000000000001ecec       0xe5 ./Core/Src/main.o
 .debug_macro   0x000000000001edd1       0x2a ./Core/Src/main.o
 .debug_macro   0x000000000001edfb       0x61 ./Core/Src/main.o
 .debug_macro   0x000000000001ee5c       0x43 ./Core/Src/main.o
 .debug_macro   0x000000000001ee9f       0x34 ./Core/Src/main.o
 .debug_macro   0x000000000001eed3       0x16 ./Core/Src/main.o
 .debug_macro   0x000000000001eee9       0x35 ./Core/Src/main.o
 .debug_macro   0x000000000001ef1e       0x16 ./Core/Src/main.o
 .debug_macro   0x000000000001ef34       0x43 ./Core/Src/main.o
 .debug_macro   0x000000000001ef77       0x34 ./Core/Src/main.o
 .debug_macro   0x000000000001efab       0x10 ./Core/Src/main.o
 .debug_macro   0x000000000001efbb       0x58 ./Core/Src/main.o
 .debug_macro   0x000000000001f013       0x8e ./Core/Src/main.o
 .debug_macro   0x000000000001f0a1       0x1c ./Core/Src/main.o
 .debug_macro   0x000000000001f0bd      0x177 ./Core/Src/main.o
 .debug_macro   0x000000000001f234      0x369 ./Core/Src/main.o
 .debug_macro   0x000000000001f59d       0x16 ./Core/Src/main.o
 .debug_macro   0x000000000001f5b3       0x29 ./Core/Src/main.o
 .debug_macro   0x000000000001f5dc       0x12 ./Core/Src/main.o
 .debug_macro   0x000000000001f5ee       0xe2 ./Core/Src/main.o
 .debug_macro   0x000000000001f6d0       0x8e ./Core/Src/main.o
 .debug_macro   0x000000000001f75e      0x1d3 ./Core/Src/stm32f4xx_hal_msp.o
 .debug_macro   0x000000000001f931      0x1dd ./Core/Src/stm32f4xx_it.o
 .debug_macro   0x000000000001fb0e      0x1c9 ./Core/Src/system_stm32f4xx.o
 .debug_macro   0x000000000001fcd7      0x229 ./Drivers/STM32F4xx_HAL_Driver/stm32f4xx_hal.o
 .debug_macro   0x000000000001ff00      0x1c9 ./Drivers/STM32F4xx_HAL_Driver/stm32f4xx_hal_cortex.o
 .debug_macro   0x00000000000200c9      0x1cf ./Drivers/STM32F4xx_HAL_Driver/stm32f4xx_hal_gpio.o
 .debug_macro   0x0000000000020298      0x1ed ./Drivers/STM32F4xx_HAL_Driver/stm32f4xx_hal_rcc.o
 .debug_macro   0x0000000000020485      0x1ca ./Drivers/STM32F4xx_HAL_Driver/stm32f4xx_hal_sd.o
 .debug_macro   0x000000000002064f      0x1ca ./Drivers/STM32F4xx_HAL_Driver/stm32f4xx_ll_sdmmc.o
 .debug_macro   0x0000000000020819      0x301 ./FATFS/App/fatfs.o
 .debug_macro   0x0000000000020b1a      0x1d8 ./FATFS/Target/bsp_driver_sd.o
 .debug_macro   0x0000000000020cf2       0x34 ./FATFS/Target/bsp_driver_sd.o
 .debug_macro   0x0000000000020d26      0x304 ./FATFS/Target/sd_diskio.o
 .debug_macro   0x000000000002102a       0x16 ./FATFS/Target/sd_diskio.o
 .debug_macro   0x0000000000021040       0x7c ./FATFS/Target/sd_diskio.o
 .debug_macro   0x00000000000210bc      0x2ee ./Middlewares/FatFs/diskio.o
 .debug_macro   0x00000000000213aa      0x6f5 ./Middlewares/FatFs/ff.o
 .debug_macro   0x0000000000021a9f       0x58 ./Middlewares/FatFs/ff.o
 .debug_macro   0x0000000000021af7      0x2ee ./Middlewares/FatFs/ff_gen_drv.o

.debug_line     0x0000000000000000     0xf8a4
 .debug_line    0x0000000000000000      0xb54 ./Core/Src/main.o
 .debug_line    0x0000000000000b54      0x890 ./Core/Src/stm32f4xx_hal_msp.o
 .debug_line    0x00000000000013e4      0x8f2 ./Core/Src/stm32f4xx_it.o
 .debug_line    0x0000000000001cd6      0x8b1 ./Core/Src/system_stm32f4xx.o
 .debug_line    0x0000000000002587       0x7a ./Core/Startup/startup_stm32f407vgtx.o
 .debug_line    0x0000000000002601      0xb56 ./Drivers/STM32F4xx_HAL_Driver/stm32f4xx_hal.o
 .debug_line    0x0000000000003157      0xe22 ./Drivers/STM32F4xx_HAL_Driver/stm32f4xx_hal_cortex.o
 .debug_line    0x0000000000003f79      0xcca ./Drivers/STM32F4xx_HAL_Driver/stm32f4xx_hal_gpio.o
 .debug_line    0x0000000000004c43      0xecf ./Drivers/STM32F4xx_HAL_Driver/stm32f4xx_hal_rcc.o
 .debug_line    0x0000000000005b12     0x1fbe ./Drivers/STM32F4xx_HAL_Driver/stm32f4xx_hal_sd.o
 .debug_line    0x0000000000007ad0     0x10eb ./Drivers/STM32F4xx_HAL_Driver/stm32f4xx_ll_sdmmc.o
 .debug_line    0x0000000000008bbb      0xa70 ./FATFS/App/fatfs.o
 .debug_line    0x000000000000962b      0x9f4 ./FATFS/Target/bsp_driver_sd.o
 .debug_line    0x000000000000a01f      0xb54 ./FATFS/Target/sd_diskio.o
 .debug_line    0x000000000000ab73      0xae4 ./Middlewares/FatFs/diskio.o
 .debug_line    0x000000000000b657     0x374e ./Middlewares/FatFs/ff.o
 .debug_line    0x000000000000eda5      0xaff ./Middlewares/FatFs/ff_gen_drv.o

.debug_str      0x0000000000000000    0xc6bd7
 .debug_str     0x0000000000000000    0xc3605 ./Core/Src/main.o
                                      0xc395e (size before relaxing)
 .debug_str     0x00000000000c3605       0x79 ./Core/Src/stm32f4xx_hal_msp.o
                                      0xbfc4f (size before relaxing)
 .debug_str     0x00000000000c367e       0xc9 ./Core/Src/stm32f4xx_it.o
                                      0xbf664 (size before relaxing)
 .debug_str     0x00000000000c3747       0xdb ./Core/Src/system_stm32f4xx.o
                                      0xbf78e (size before relaxing)
 .debug_str     0x00000000000c3822       0x34 ./Core/Startup/startup_stm32f407vgtx.o
                                         0x75 (size before relaxing)
 .debug_str     0x00000000000c3856      0xb1a ./Drivers/STM32F4xx_HAL_Driver/stm32f4xx_hal.o
                                      0xc0351 (size before relaxing)
 .debug_str     0x00000000000c4370      0x3a0 ./Drivers/STM32F4xx_HAL_Driver/stm32f4xx_hal_cortex.o
                                      0xc009b (size before relaxing)
 .debug_str     0x00000000000c4710      0x160 ./Drivers/STM32F4xx_HAL_Driver/stm32f4xx_hal_gpio.o
                                      0xbf948 (size before relaxing)
 .debug_str     0x00000000000c4870      0x272 ./Drivers/STM32F4xx_HAL_Driver/stm32f4xx_hal_rcc.o
                                      0xbfc01 (size before relaxing)
 .debug_str     0x00000000000c4ae2      0x9b0 ./Drivers/STM32F4xx_HAL_Driver/stm32f4xx_hal_sd.o
                                      0xc0546 (size before relaxing)
 .debug_str     0x00000000000c5492      0x266 ./Drivers/STM32F4xx_HAL_Driver/stm32f4xx_ll_sdmmc.o
                                      0xbfc54 (size before relaxing)
 .debug_str     0x00000000000c56f8       0xe0 ./FATFS/App/fatfs.o
                                      0xc3076 (size before relaxing)
 .debug_str     0x00000000000c57d8      0x164 ./FATFS/Target/bsp_driver_sd.o
                                      0xbfdff (size before relaxing)
 .debug_str     0x00000000000c593c       0xa0 ./FATFS/Target/sd_diskio.o
                                      0xc30b8 (size before relaxing)
 .debug_str     0x00000000000c59dc       0x96 ./Middlewares/FatFs/diskio.o
                                      0xc2fca (size before relaxing)
 .debug_str     0x00000000000c5a72     0x1095 ./Middlewares/FatFs/ff.o
                                      0xc4231 (size before relaxing)
 .debug_str     0x00000000000c6b07       0xd0 ./Middlewares/FatFs/ff_gen_drv.o
                                      0xc301b (size before relaxing)

.debug_frame    0x0000000000000000     0x2a7c
 .debug_frame   0x0000000000000000       0xb4 ./Core/Src/main.o
 .debug_frame   0x00000000000000b4       0x7c ./Core/Src/stm32f4xx_hal_msp.o
 .debug_frame   0x0000000000000130      0x104 ./Core/Src/stm32f4xx_it.o
 .debug_frame   0x0000000000000234       0x58 ./Core/Src/system_stm32f4xx.o
 .debug_frame   0x000000000000028c      0x374 ./Drivers/STM32F4xx_HAL_Driver/stm32f4xx_hal.o
 .debug_frame   0x0000000000000600      0x4b8 ./Drivers/STM32F4xx_HAL_Driver/stm32f4xx_hal_cortex.o
 .debug_frame   0x0000000000000ab8      0x14c ./Drivers/STM32F4xx_HAL_Driver/stm32f4xx_hal_gpio.o
 .debug_frame   0x0000000000000c04      0x1f4 ./Drivers/STM32F4xx_HAL_Driver/stm32f4xx_hal_rcc.o
 .debug_frame   0x0000000000000df8      0x650 ./Drivers/STM32F4xx_HAL_Driver/stm32f4xx_hal_sd.o
 .debug_frame   0x0000000000001448      0x6d0 ./Drivers/STM32F4xx_HAL_Driver/stm32f4xx_ll_sdmmc.o
 .debug_frame   0x0000000000001b18       0x4c ./FATFS/App/fatfs.o
 .debug_frame   0x0000000000001b64      0x25c ./FATFS/Target/bsp_driver_sd.o
 .debug_frame   0x0000000000001dc0       0xe8 ./FATFS/Target/sd_diskio.o
 .debug_frame   0x0000000000001ea8       0xec ./Middlewares/FatFs/diskio.o
 .debug_frame   0x0000000000001f94      0x94c ./Middlewares/FatFs/ff.o
 .debug_frame   0x00000000000028e0       0xc8 ./Middlewares/FatFs/ff_gen_drv.o
 .debug_frame   0x00000000000029a8       0x20 C:/ST/STM32CubeIDE_1.14.1/STM32CubeIDE/plugins/com.st.stm32cube.ide.mcu.externaltools.gnu-tools-for-stm32.11.3.rel1.win32_1.1.100.202309141235/tools/bin/../lib/gcc/arm-none-eabi/11.3.1/../../../../arm-none-eabi/lib/thumb/v7e-m+fp/hard\libc_nano.a(libc_a-memset.o)
 .debug_frame   0x00000000000029c8       0x2c C:/ST/STM32CubeIDE_1.14.1/STM32CubeIDE/plugins/com.st.stm32cube.ide.mcu.externaltools.gnu-tools-for-stm32.11.3.rel1.win32_1.1.100.202309141235/tools/bin/../lib/gcc/arm-none-eabi/11.3.1/../../../../arm-none-eabi/lib/thumb/v7e-m+fp/hard\libc_nano.a(libc_a-init.o)
 .debug_frame   0x00000000000029f4       0x28 C:/ST/STM32CubeIDE_1.14.1/STM32CubeIDE/plugins/com.st.stm32cube.ide.mcu.externaltools.gnu-tools-for-stm32.11.3.rel1.win32_1.1.100.202309141235/tools/bin/../lib/gcc/arm-none-eabi/11.3.1/../../../../arm-none-eabi/lib/thumb/v7e-m+fp/hard\libc_nano.a(libc_a-memcpy-stub.o)
 .debug_frame   0x0000000000002a1c       0x2c C:/ST/STM32CubeIDE_1.14.1/STM32CubeIDE/plugins/com.st.stm32cube.ide.mcu.externaltools.gnu-tools-for-stm32.11.3.rel1.win32_1.1.100.202309141235/tools/bin/../lib/gcc/arm-none-eabi/11.3.1/thumb/v7e-m+fp/hard\libgcc.a(_aeabi_uldivmod.o)
 .debug_frame   0x0000000000002a48       0x34 C:/ST/STM32CubeIDE_1.14.1/STM32CubeIDE/plugins/com.st.stm32cube.ide.mcu.externaltools.gnu-tools-for-stm32.11.3.rel1.win32_1.1.100.202309141235/tools/bin/../lib/gcc/arm-none-eabi/11.3.1/thumb/v7e-m+fp/hard\libgcc.a(_udivmoddi4.o)

.debug_line_str
                0x0000000000000000       0x69
 .debug_line_str
                0x0000000000000000       0x69 ./Core/Startup/startup_stm32f407vgtx.o
                                         0x81 (size before relaxing)
